# serializer version: 1
# name: test_zeroconf_flow
  FlowResultSnapshot({
    'context': dict({
      'confirm_only': False,
      'source': 'zeroconf',
      'title_placeholders': dict({
        'name': 'SLZB-06',
      }),
      'unique_id': 'aa:bb:cc:dd:ee:ff',
    }),
    'data': dict({
      'host': 'SLZB-06.local',
      'password': 'test-pass',
      'username': 'test-user',
    }),
    'description': None,
    'description_placeholders': None,
    'flow_id': <ANY>,
    'handler': 'smlight',
    'minor_version': 1,
    'options': dict({
    }),
    'result': ConfigEntrySnapshot({
      'data': dict({
        'host': 'SLZB-06.local',
        'password': 'test-pass',
        'username': 'test-user',
      }),
      'disabled_by': None,
      'domain': 'smlight',
      'entry_id': <ANY>,
      'minor_version': 1,
      'options': dict({
      }),
      'pref_disable_new_entities': False,
      'pref_disable_polling': False,
      'source': 'zeroconf',
      'title': 'SLZB-06p7',
      'unique_id': 'aa:bb:cc:dd:ee:ff',
      'version': 1,
    }),
    'title': 'SLZB-06p7',
    'type': <FlowResultType.CREATE_ENTRY: 'create_entry'>,
    'version': 1,
  })
# ---
