# serializer version: 1
# name: test_all_entities[sensor.nytgames_wordles_played-entry]
  EntityRegistryEntrySnapshot({
    'aliases': set({
    }),
    'area_id': None,
    'capabilities': dict({
      'state_class': <SensorStateClass.MEASUREMENT: 'measurement'>,
    }),
    'config_entry_id': <ANY>,
    'device_class': None,
    'device_id': <ANY>,
    'disabled_by': None,
    'domain': 'sensor',
    'entity_category': None,
    'entity_id': 'sensor.nytgames_wordles_played',
    'has_entity_name': True,
    'hidden_by': None,
    'icon': None,
    'id': <ANY>,
    'labels': set({
    }),
    'name': None,
    'options': dict({
    }),
    'original_device_class': None,
    'original_icon': None,
    'original_name': 'Wordles played',
    'platform': 'nyt_games',
    'previous_unique_id': None,
    'supported_features': 0,
    'translation_key': 'wordles_played',
    'unique_id': '218886794-wordles_played',
    'unit_of_measurement': 'games',
  })
# ---
# name: test_all_entities[sensor.nytgames_wordles_played-state]
  StateSnapshot({
    'attributes': ReadOnlyDict({
      'friendly_name': 'NYTGames Wordles played',
      'state_class': <SensorStateClass.MEASUREMENT: 'measurement'>,
      'unit_of_measurement': 'games',
    }),
    'context': <ANY>,
    'entity_id': 'sensor.nytgames_wordles_played',
    'last_changed': <ANY>,
    'last_reported': <ANY>,
    'last_updated': <ANY>,
    'state': '33',
  })
# ---
