# serializer version: 1
# name: test_diagnostics
  dict({
    'host': '**REDACTED**',
  })
# ---
