# serializer version: 1
# name: test_entry_diagnostics
  dict({
    'config_entry': dict({
      'data': dict({
        'access_token': '**REDACTED**',
        'expiration': '2030-12-31T10:00:00+00:00',
        'password': '**REDACTED**',
        'username': '**REDACTED**',
      }),
      'disabled_by': None,
      'domain': 'fyta',
      'entry_id': 'ce5f5431554d101905d31797e1232da8',
      'minor_version': 2,
      'options': dict({
      }),
      'pref_disable_new_entities': False,
      'pref_disable_polling': False,
      'source': 'user',
      'title': 'fyta_user',
      'unique_id': None,
      'version': 1,
    }),
    'plant_data': dict({
      '0': dict({
        '__type': "<class 'fyta_cli.fyta_models.Plant'>",
        'repr': "Plant(battery_level=80.0, battery_status=True, last_updated=datetime.datetime(2023, 1, 10, 10, 10), light=2.0, light_status=<PlantMeasurementStatus.PERFECT: 3>, name='Gummibaum', moisture=61.0, moisture_status=<PlantMeasurementStatus.PERFECT: 3>, sensor_available=True, sw_version='1.0', status=<PlantStatus.NO_SENSOR: 3>, online=True, ph=7.0, plant_id=0, plant_origin_path='', plant_thumb_path='', salinity=1.0, salinity_status=<PlantMeasurementStatus.HIGH: 4>, scientific_name='Ficus elastica', temperature=25.2, temperature_status=<PlantMeasurementStatus.PERFECT: 3>)",
      }),
      '1': dict({
        '__type': "<class 'fyta_cli.fyta_models.Plant'>",
        'repr': "Plant(battery_level=80.0, battery_status=True, last_updated=datetime.datetime(2023, 1, 2, 10, 10), light=2.0, light_status=<PlantMeasurementStatus.PERFECT: 3>, name='Kakaobaum', moisture=61.0, moisture_status=<PlantMeasurementStatus.PERFECT: 3>, sensor_available=True, sw_version='1.0', status=<PlantStatus.NO_SENSOR: 3>, online=True, ph=7.0, plant_id=0, plant_origin_path='', plant_thumb_path='', salinity=1.0, salinity_status=<PlantMeasurementStatus.HIGH: 4>, scientific_name='Theobroma cacao', temperature=25.2, temperature_status=<PlantMeasurementStatus.PERFECT: 3>)",
      }),
    }),
  })
# ---
