# serializer version: 1
# name: test_scene_activate
  StateSnapshot({
    'attributes': ReadOnlyDict({
      'attribution': 'Data provided by WMS WebControl pro API',
      'friendly_name': 'Gute Nacht',
    }),
    'context': <ANY>,
    'entity_id': 'scene.gute_nacht',
    'last_changed': <ANY>,
    'last_reported': <ANY>,
    'last_updated': <ANY>,
    'state': 'unknown',
  })
# ---
# name: test_scene_device
  DeviceRegistryEntrySnapshot({
    'area_id': 'raum_0',
    'config_entries': <ANY>,
    'configuration_url': 'http://webcontrol/control',
    'connections': set({
    }),
    'disabled_by': None,
    'entry_type': None,
    'hw_version': None,
    'id': <ANY>,
    'identifiers': set({
      tuple(
        'wmspro',
        '688966',
      ),
    }),
    'is_new': False,
    'labels': set({
    }),
    'manufacturer': 'WAREMA Renkhoff SE',
    'model': 'Scene',
    'model_id': None,
    'name': 'Gute Nacht',
    'name_by_user': None,
    'primary_config_entry': <ANY>,
    'serial_number': '688966',
    'suggested_area': 'Raum 0',
    'sw_version': None,
    'via_device_id': <ANY>,
  })
# ---
