# serializer version: 1
# name: test_entry_diagnostics
  dict({
    'client': dict({
      'available_process_data': dict({
        'devices:local': list([
          'HomeGrid_P',
          'HomePv_P',
        ]),
      }),
      'available_settings_data': dict({
        'devices:local': list([
          "min='5' max='100' default=None access='readwrite' unit='%' id='Battery:MinSoc' type='byte'",
        ]),
      }),
      'me': "is_locked=False is_active=True is_authenticated=True permissions=[] is_anonymous=False role='USER'",
      'version': "api_version='0.2.0' hostname='scb' name='PUCK RESTful API' sw_version='01.16.05025'",
    }),
    'config_entry': dict({
      'data': dict({
        'host': '192.168.1.2',
        'password': '**REDACTED**',
      }),
      'disabled_by': None,
      'domain': 'kostal_plenticore',
      'minor_version': 1,
      'options': dict({
      }),
      'pref_disable_new_entities': False,
      'pref_disable_polling': False,
      'source': 'user',
      'title': 'scb',
      'unique_id': None,
      'version': 1,
    }),
    'device': dict({
      'configuration_url': 'http://192.168.1.2',
      'identifiers': '**REDACTED**',
      'manufacturer': 'Kostal',
      'model': 'PLENTICORE plus 10',
      'name': 'scb',
      'sw_version': 'IOC: 01.45 MC: 01.46',
    }),
  })
# ---
