# serializer version: 1
# name: test_binary_sensor_snapshot[start_date0-end_date0]
  dict({
    'calendar.test_mower_1': dict({
      'events': list([
        dict({
          'end': '2024-03-04T16:00:00-08:00',
          'start': '2024-03-04T11:00:00-08:00',
          'summary': 'Front lawn Schedule 1',
        }),
        dict({
          'end': '2024-03-05T00:00:00-08:00',
          'start': '2024-03-04T16:00:00-08:00',
          'summary': 'Front lawn Schedule 2',
        }),
        dict({
          'end': '2024-03-06T16:00:00-08:00',
          'start': '2024-03-06T11:00:00-08:00',
          'summary': 'Front lawn Schedule 1',
        }),
        dict({
          'end': '2024-03-07T00:00:00-08:00',
          'start': '2024-03-06T16:00:00-08:00',
          'summary': 'Front lawn Schedule 2',
        }),
        dict({
          'end': '2024-03-08T16:00:00-08:00',
          'start': '2024-03-08T11:00:00-08:00',
          'summary': 'Front lawn Schedule 1',
        }),
        dict({
          'end': '2024-03-09T00:00:00-08:00',
          'start': '2024-03-08T16:00:00-08:00',
          'summary': 'Front lawn Schedule 2',
        }),
        dict({
          'end': '2024-03-11T17:00:00-07:00',
          'start': '2024-03-11T12:00:00-07:00',
          'summary': 'Front lawn Schedule 1',
        }),
        dict({
          'end': '2024-03-12T01:00:00-07:00',
          'start': '2024-03-11T17:00:00-07:00',
          'summary': 'Front lawn Schedule 2',
        }),
        dict({
          'end': '2024-03-13T17:00:00-07:00',
          'start': '2024-03-13T12:00:00-07:00',
          'summary': 'Front lawn Schedule 1',
        }),
        dict({
          'end': '2024-03-14T01:00:00-07:00',
          'start': '2024-03-13T17:00:00-07:00',
          'summary': 'Front lawn Schedule 2',
        }),
        dict({
          'end': '2024-03-15T17:00:00-07:00',
          'start': '2024-03-15T12:00:00-07:00',
          'summary': 'Front lawn Schedule 1',
        }),
        dict({
          'end': '2024-03-16T01:00:00-07:00',
          'start': '2024-03-15T17:00:00-07:00',
          'summary': 'Front lawn Schedule 2',
        }),
      ]),
    }),
  })
# ---
