# serializer version: 1
# name: test_service_mealplan_today
  dict({
    <MealplanEntryType.BREAKFAST: 'breakfast'>: list([
    ]),
    <MealplanEntryType.DINNER: 'dinner'>: list([
      dict({
        'description': None,
        'entry_type': <MealplanEntryType.DINNER: 'dinner'>,
        'group_id': '0bf60b2e-ca89-42a9-94d4-8f67ca72b157',
        'mealplan_date': datetime.date(2024, 1, 21),
        'mealplan_id': 192,
        'recipe': dict({
          'description': 'This is a wonderful option for picnics and grill outs when you are looking for a new take on potato salad. This simple side salad made with cauliflower, peas, and hard boiled eggs can be made the day ahead and chilled until party time!',
          'group_id': '0bf60b2e-ca89-42a9-94d4-8f67ca72b157',
          'image': 'qLdv',
          'name': 'Cauliflower Salad',
          'original_url': 'https://www.allrecipes.com/recipe/142152/cauliflower-salad/',
          'recipe_id': '40393996-417e-4487-a081-28608a668826',
          'recipe_yield': '6 servings',
          'slug': 'cauliflower-salad',
          'user_id': '1ce8b5fe-04e8-4b80-aab1-d92c94685c6d',
        }),
        'title': None,
        'user_id': '1ce8b5fe-04e8-4b80-aab1-d92c94685c6d',
      }),
      dict({
        'description': None,
        'entry_type': <MealplanEntryType.DINNER: 'dinner'>,
        'group_id': '0bf60b2e-ca89-42a9-94d4-8f67ca72b157',
        'mealplan_date': datetime.date(2024, 1, 21),
        'mealplan_id': 206,
        'recipe': dict({
          'description': 'Easy, cheesy, sausage pasta! In the whirlwind of mid-week mayhem, dinner doesn’t have to be a chore – this 15-minute pasta, featuring HECK’s Chicken Italia Chipolatas is your ticket to a delicious and hassle-free mid-week meal.',
          'group_id': '0bf60b2e-ca89-42a9-94d4-8f67ca72b157',
          'image': 'BeNc',
          'name': '15 Minute Cheesy Sausage & Veg Pasta',
          'original_url': 'https://www.annabelkarmel.com/recipes/15-minute-cheesy-sausage-veg-pasta/',
          'recipe_id': '872bb477-8d90-4025-98b0-07a9d0d9ce3a',
          'recipe_yield': '',
          'slug': '15-minute-cheesy-sausage-veg-pasta',
          'user_id': '1ce8b5fe-04e8-4b80-aab1-d92c94685c6d',
        }),
        'title': None,
        'user_id': '1ce8b5fe-04e8-4b80-aab1-d92c94685c6d',
      }),
      dict({
        'description': None,
        'entry_type': <MealplanEntryType.DINNER: 'dinner'>,
        'group_id': '0bf60b2e-ca89-42a9-94d4-8f67ca72b157',
        'mealplan_date': datetime.date(2024, 1, 21),
        'mealplan_id': 209,
        'recipe': dict({
          'description': '',
          'group_id': '0bf60b2e-ca89-42a9-94d4-8f67ca72b157',
          'image': 'ALqz',
          'name': 'Csirkés és tofus empanadas',
          'original_url': 'https://streetkitchen.hu/street-kitchen/csirkes-es-tofus-empanadas/',
          'recipe_id': '4233330e-6947-4042-90b7-44c405b70714',
          'recipe_yield': '16 servings',
          'slug': 'csirkes-es-tofus-empanadas',
          'user_id': '1ce8b5fe-04e8-4b80-aab1-d92c94685c6d',
        }),
        'title': None,
        'user_id': '1ce8b5fe-04e8-4b80-aab1-d92c94685c6d',
      }),
      dict({
        'description': None,
        'entry_type': <MealplanEntryType.DINNER: 'dinner'>,
        'group_id': '0bf60b2e-ca89-42a9-94d4-8f67ca72b157',
        'mealplan_date': datetime.date(2024, 1, 21),
        'mealplan_id': 210,
        'recipe': dict({
          'description': 'This All-American beef stew recipe includes tender beef coated in a rich, intense sauce and vegetables that bring complementary texture and flavor.',
          'group_id': '0bf60b2e-ca89-42a9-94d4-8f67ca72b157',
          'image': '356X',
          'name': 'All-American Beef Stew Recipe',
          'original_url': 'https://www.seriouseats.com/all-american-beef-stew-recipe',
          'recipe_id': '48f39d27-4b8e-4c14-bf36-4e1e6497e75e',
          'recipe_yield': '6 servings',
          'slug': 'all-american-beef-stew-recipe',
          'user_id': '1ce8b5fe-04e8-4b80-aab1-d92c94685c6d',
        }),
        'title': None,
        'user_id': '1ce8b5fe-04e8-4b80-aab1-d92c94685c6d',
      }),
      dict({
        'description': None,
        'entry_type': <MealplanEntryType.DINNER: 'dinner'>,
        'group_id': '0bf60b2e-ca89-42a9-94d4-8f67ca72b157',
        'mealplan_date': datetime.date(2024, 1, 21),
        'mealplan_id': 223,
        'recipe': dict({
          'description': 'Jazz up chicken breasts in this fruity, sweetly spiced sauce with pomegranate seeds, toasted almonds and tagine paste',
          'group_id': '0bf60b2e-ca89-42a9-94d4-8f67ca72b157',
          'image': 'lF4p',
          'name': 'Pomegranate chicken with almond couscous',
          'original_url': 'https://www.bbcgoodfood.com/recipes/pomegranate-chicken-almond-couscous',
          'recipe_id': '27455eb2-31d3-4682-84ff-02a114bf293a',
          'recipe_yield': '4 servings',
          'slug': 'pomegranate-chicken-with-almond-couscous',
          'user_id': '1ce8b5fe-04e8-4b80-aab1-d92c94685c6d',
        }),
        'title': None,
        'user_id': '1ce8b5fe-04e8-4b80-aab1-d92c94685c6d',
      }),
    ]),
    <MealplanEntryType.LUNCH: 'lunch'>: list([
      dict({
        'description': None,
        'entry_type': <MealplanEntryType.LUNCH: 'lunch'>,
        'group_id': '0bf60b2e-ca89-42a9-94d4-8f67ca72b157',
        'mealplan_date': datetime.date(2024, 1, 21),
        'mealplan_id': 207,
        'recipe': dict({
          'description': '',
          'group_id': '0bf60b2e-ca89-42a9-94d4-8f67ca72b157',
          'image': None,
          'name': 'cake',
          'original_url': None,
          'recipe_id': '744a9831-fa56-4f61-9e12-fc5ebce58ed9',
          'recipe_yield': None,
          'slug': 'cake',
          'user_id': '1ce8b5fe-04e8-4b80-aab1-d92c94685c6d',
        }),
        'title': None,
        'user_id': '1ce8b5fe-04e8-4b80-aab1-d92c94685c6d',
      }),
      dict({
        'description': None,
        'entry_type': <MealplanEntryType.LUNCH: 'lunch'>,
        'group_id': '0bf60b2e-ca89-42a9-94d4-8f67ca72b157',
        'mealplan_date': datetime.date(2024, 1, 21),
        'mealplan_id': 208,
        'recipe': dict({
          'description': 'Jazz up chicken breasts in this fruity, sweetly spiced sauce with pomegranate seeds, toasted almonds and tagine paste',
          'group_id': '0bf60b2e-ca89-42a9-94d4-8f67ca72b157',
          'image': 'lF4p',
          'name': 'Pomegranate chicken with almond couscous',
          'original_url': 'https://www.bbcgoodfood.com/recipes/pomegranate-chicken-almond-couscous',
          'recipe_id': '27455eb2-31d3-4682-84ff-02a114bf293a',
          'recipe_yield': '4 servings',
          'slug': 'pomegranate-chicken-with-almond-couscous',
          'user_id': '1ce8b5fe-04e8-4b80-aab1-d92c94685c6d',
        }),
        'title': None,
        'user_id': '1ce8b5fe-04e8-4b80-aab1-d92c94685c6d',
      }),
    ]),
    <MealplanEntryType.SIDE: 'side'>: list([
    ]),
  })
# ---
