# serializer version: 1
# name: test_setup_integration_success
  StateSnapshot({
    'attributes': ReadOnlyDict({
      'current_temperature': 75,
      'fan_mode': 'auto',
      'fan_modes': list([
        'auto',
        'low',
        'med',
        'high',
      ]),
      'friendly_name': 'System 1 Zone 1',
      'hvac_action': <HVACAction.OFF: 'off'>,
      'hvac_modes': list([
        <HVACMode.HEAT: 'heat'>,
        <HVACMode.COOL: 'cool'>,
        <HVACMode.HEAT_COOL: 'heat_cool'>,
        <HVACMode.OFF: 'off'>,
      ]),
      'max_temp': 95,
      'min_temp': 45,
      'supported_features': <ClimateEntityFeature: 395>,
      'target_temp_high': None,
      'target_temp_low': None,
      'temperature': 72,
    }),
    'context': <ANY>,
    'entity_id': 'climate.system_1_zone_1',
    'last_changed': <ANY>,
    'last_reported': <ANY>,
    'last_updated': <ANY>,
    'state': 'cool',
  })
# ---
