# serializer version: 1
# name: test_get_positions_service[yna5x1-data0][vacuum.ozmo_950:get-positions]
  dict({
    'vacuum.ozmo_950': list([
      dict({
        'a': 85,
        'type': <PositionType.DEEBOT: 'deebotPos'>,
        'x': 1,
        'y': 5,
      }),
      dict({
        'a': 85,
        'type': <PositionType.CHARGER: 'chargePos'>,
        'x': 5,
        'y': 9,
      }),
    ]),
  })
# ---
# name: test_get_positions_service[yna5x1-data1][vacuum.ozmo_950:get-positions]
  dict({
    'vacuum.ozmo_950': list([
      dict({
        'a': 90,
        'type': <PositionType.DEEBOT: 'deebotPos'>,
        'x': 375,
        'y': 313,
      }),
      dict({
        'a': 32,
        'type': <PositionType.CHARGER: 'chargePos'>,
        'x': 112,
        'y': 768,
      }),
      dict({
        'a': 0,
        'type': <PositionType.CHARGER: 'chargePos'>,
        'x': 489,
        'y': 322,
      }),
    ]),
  })
# ---
