# serializer version: 1
# name: test_device_diagnostics
  dict({
    'always_update': True,
    'last_update_success': True,
    'name': 'zeversolar',
    'update_interval': 60.0,
  })
# ---
# name: test_entry_diagnostics
  dict({
    'communication_status': 'OK',
    'hardware_version': 'M10',
    'meter_status': 'OK',
    'num_inverters': 1,
    'pac': 1234,
    'registry_key': '**REDACTED**',
    'reported_datetime': '19900101 23:00',
    'serial_number': '**REDACTED**',
    'serial_or_registry_id': '**REDACTED**',
    'software_version': '123-23',
    'status': 'OK',
    'wifi_enabled': False,
  })
# ---
