# serializer version: 1
# name: test_diagnostics
  dict({
    'coordinator_data': dict({
      'sensor': dict({
        'sensor': 'mocked_sensor',
      }),
      'state': dict({
        'state': 'mocked_state',
      }),
    }),
    'device': dict({
      'device': 'mocked_device',
    }),
    'info': dict({
      'info': 'mocked_info',
    }),
    'static': dict({
      'static': 'mocked_static',
    }),
  })
# ---
