# serializer version: 1
# name: test_entry_diagnostics
  dict({
    'data': dict({
      'api_version': 'V1.0.11-0.0.41',
      'data': dict({
        '123456': dict({
          'altitude': 569.0,
          'analog_input': None,
          'channel_flags': None,
          'channel_flags_auto': None,
          'channel_flags_manual': None,
          'channel_state': None,
          'confidence': None,
          'confidence_auto': None,
          'confidence_manual': None,
          'date_created_utc': None,
          'deciviews': None,
          'deciviews_a': None,
          'deciviews_b': None,
          'firmware_upgrade': None,
          'firmware_version': '7.02',
          'hardware': '2.0+BME280+PMSX003-B+PMSX003-A',
          'humidity': 13.0,
          'humidity_a': None,
          'humidity_b': None,
          'icon': None,
          'is_owner': None,
          'last_modified_utc': None,
          'last_seen_utc': None,
          'latitude': '**REDACTED**',
          'led_brightness': None,
          'location_type': dict({
            '__type': "<enum 'LocationType'>",
            'repr': '<LocationType.OUTSIDE: 0>',
          }),
          'longitude': '**REDACTED**',
          'memory': None,
          'model': 'PA-II',
          'name': 'Test Sensor',
          'ozone1': None,
          'pa_latency': None,
          'pm0_3_um_count': 76.0,
          'pm0_3_um_count_a': None,
          'pm0_3_um_count_b': None,
          'pm0_5_um_count': 68.0,
          'pm0_5_um_count_a': None,
          'pm0_5_um_count_b': None,
          'pm10_0': 0.0,
          'pm10_0_a': None,
          'pm10_0_atm': None,
          'pm10_0_atm_a': None,
          'pm10_0_atm_b': None,
          'pm10_0_b': None,
          'pm10_0_cf_1': None,
          'pm10_0_cf_1_a': None,
          'pm10_0_cf_1_b': None,
          'pm10_0_um_count': 0.0,
          'pm10_0_um_count_a': None,
          'pm10_0_um_count_b': None,
          'pm1_0': 0.0,
          'pm1_0_a': None,
          'pm1_0_atm': None,
          'pm1_0_atm_a': None,
          'pm1_0_atm_b': None,
          'pm1_0_b': None,
          'pm1_0_cf_1': None,
          'pm1_0_cf_1_a': None,
          'pm1_0_cf_1_b': None,
          'pm1_0_um_count': 0.0,
          'pm1_0_um_count_a': None,
          'pm1_0_um_count_b': None,
          'pm2_5': 0.0,
          'pm2_5_10minute': None,
          'pm2_5_10minute_a': None,
          'pm2_5_10minute_b': None,
          'pm2_5_1week': None,
          'pm2_5_1week_a': None,
          'pm2_5_1week_b': None,
          'pm2_5_24hour': None,
          'pm2_5_24hour_a': None,
          'pm2_5_24hour_b': None,
          'pm2_5_30minute': None,
          'pm2_5_30minute_a': None,
          'pm2_5_30minute_b': None,
          'pm2_5_60minute': None,
          'pm2_5_60minute_a': None,
          'pm2_5_60minute_b': None,
          'pm2_5_6hour': None,
          'pm2_5_6hour_a': None,
          'pm2_5_6hour_b': None,
          'pm2_5_a': None,
          'pm2_5_alt': None,
          'pm2_5_alt_a': None,
          'pm2_5_alt_b': None,
          'pm2_5_atm': None,
          'pm2_5_atm_a': None,
          'pm2_5_atm_b': None,
          'pm2_5_b': None,
          'pm2_5_cf_1': None,
          'pm2_5_cf_1_a': None,
          'pm2_5_cf_1_b': None,
          'pm2_5_um_count': 0.0,
          'pm2_5_um_count_a': None,
          'pm2_5_um_count_b': None,
          'pm5_0_um_count': 0.0,
          'pm5_0_um_count_a': None,
          'pm5_0_um_count_b': None,
          'position_rating': None,
          'pressure': 1000.74,
          'pressure_a': None,
          'pressure_b': None,
          'primary_id_a': None,
          'primary_id_b': None,
          'primary_key_a': None,
          'primary_key_b': None,
          'private': None,
          'rssi': -69,
          'scattering_coefficient': None,
          'scattering_coefficient_a': None,
          'scattering_coefficient_b': None,
          'secondary_id_a': None,
          'secondary_id_b': None,
          'secondary_key_a': None,
          'secondary_key_b': None,
          'sensor_index': 123456,
          'stats': None,
          'stats_a': None,
          'stats_b': None,
          'temperature': 82.0,
          'temperature_a': None,
          'temperature_b': None,
          'uptime': 13788,
          'visual_range': None,
          'visual_range_a': None,
          'visual_range_b': None,
          'voc': None,
          'voc_a': None,
          'voc_b': None,
        }),
        '567890': dict({
          'altitude': 569.0,
          'analog_input': None,
          'channel_flags': None,
          'channel_flags_auto': None,
          'channel_flags_manual': None,
          'channel_state': None,
          'confidence': None,
          'confidence_auto': None,
          'confidence_manual': None,
          'date_created_utc': None,
          'deciviews': None,
          'deciviews_a': None,
          'deciviews_b': None,
          'firmware_upgrade': None,
          'firmware_version': '7.02',
          'hardware': '2.0+BME280+PMSX003-B+PMSX003-A',
          'humidity': 13.0,
          'humidity_a': None,
          'humidity_b': None,
          'icon': None,
          'is_owner': None,
          'last_modified_utc': None,
          'last_seen_utc': None,
          'latitude': '**REDACTED**',
          'led_brightness': None,
          'location_type': dict({
            '__type': "<enum 'LocationType'>",
            'repr': '<LocationType.OUTSIDE: 0>',
          }),
          'longitude': '**REDACTED**',
          'memory': None,
          'model': 'PA-II',
          'name': 'Test Sensor 2',
          'ozone1': None,
          'pa_latency': None,
          'pm0_3_um_count': 76.0,
          'pm0_3_um_count_a': None,
          'pm0_3_um_count_b': None,
          'pm0_5_um_count': 68.0,
          'pm0_5_um_count_a': None,
          'pm0_5_um_count_b': None,
          'pm10_0': 0.0,
          'pm10_0_a': None,
          'pm10_0_atm': None,
          'pm10_0_atm_a': None,
          'pm10_0_atm_b': None,
          'pm10_0_b': None,
          'pm10_0_cf_1': None,
          'pm10_0_cf_1_a': None,
          'pm10_0_cf_1_b': None,
          'pm10_0_um_count': 0.0,
          'pm10_0_um_count_a': None,
          'pm10_0_um_count_b': None,
          'pm1_0': 0.0,
          'pm1_0_a': None,
          'pm1_0_atm': None,
          'pm1_0_atm_a': None,
          'pm1_0_atm_b': None,
          'pm1_0_b': None,
          'pm1_0_cf_1': None,
          'pm1_0_cf_1_a': None,
          'pm1_0_cf_1_b': None,
          'pm1_0_um_count': 0.0,
          'pm1_0_um_count_a': None,
          'pm1_0_um_count_b': None,
          'pm2_5': 0.0,
          'pm2_5_10minute': None,
          'pm2_5_10minute_a': None,
          'pm2_5_10minute_b': None,
          'pm2_5_1week': None,
          'pm2_5_1week_a': None,
          'pm2_5_1week_b': None,
          'pm2_5_24hour': None,
          'pm2_5_24hour_a': None,
          'pm2_5_24hour_b': None,
          'pm2_5_30minute': None,
          'pm2_5_30minute_a': None,
          'pm2_5_30minute_b': None,
          'pm2_5_60minute': None,
          'pm2_5_60minute_a': None,
          'pm2_5_60minute_b': None,
          'pm2_5_6hour': None,
          'pm2_5_6hour_a': None,
          'pm2_5_6hour_b': None,
          'pm2_5_a': None,
          'pm2_5_alt': None,
          'pm2_5_alt_a': None,
          'pm2_5_alt_b': None,
          'pm2_5_atm': None,
          'pm2_5_atm_a': None,
          'pm2_5_atm_b': None,
          'pm2_5_b': None,
          'pm2_5_cf_1': None,
          'pm2_5_cf_1_a': None,
          'pm2_5_cf_1_b': None,
          'pm2_5_um_count': 0.0,
          'pm2_5_um_count_a': None,
          'pm2_5_um_count_b': None,
          'pm5_0_um_count': 0.0,
          'pm5_0_um_count_a': None,
          'pm5_0_um_count_b': None,
          'position_rating': None,
          'pressure': 1000.74,
          'pressure_a': None,
          'pressure_b': None,
          'primary_id_a': None,
          'primary_id_b': None,
          'primary_key_a': None,
          'primary_key_b': None,
          'private': None,
          'rssi': -69,
          'scattering_coefficient': None,
          'scattering_coefficient_a': None,
          'scattering_coefficient_b': None,
          'secondary_id_a': None,
          'secondary_id_b': None,
          'secondary_key_a': None,
          'secondary_key_b': None,
          'sensor_index': 567890,
          'stats': None,
          'stats_a': None,
          'stats_b': None,
          'temperature': 82.0,
          'temperature_a': None,
          'temperature_b': None,
          'uptime': 13788,
          'visual_range': None,
          'visual_range_a': None,
          'visual_range_b': None,
          'voc': None,
          'voc_a': None,
          'voc_b': None,
        }),
      }),
      'data_timestamp_utc': '2022-11-20T23:10:00',
      'fields': list([
        'sensor_index',
        'name',
        'location_type',
        'model',
        'hardware',
        'firmware_version',
        'rssi',
        'uptime',
        'latitude',
        'longitude',
        'altitude',
        'humidity',
        'temperature',
        'pressure',
        'voc',
        'pm1.0',
        'pm2.5',
        'pm10.0',
        '0.3_um_count',
        '0.5_um_count',
        '1.0_um_count',
        '2.5_um_count',
        '5.0_um_count',
        '10.0_um_count',
      ]),
      'firmware_default_version': '7.02',
      'max_age': 604800,
      'timestamp_utc': '2022-11-20T23:10:17',
    }),
    'entry': dict({
      'data': dict({
        'api_key': '**REDACTED**',
      }),
      'disabled_by': None,
      'domain': 'purpleair',
      'minor_version': 1,
      'options': dict({
        'sensor_indices': list([
          123456,
        ]),
      }),
      'pref_disable_new_entities': False,
      'pref_disable_polling': False,
      'source': 'user',
      'title': '**REDACTED**',
      'unique_id': '**REDACTED**',
      'version': 1,
    }),
  })
# ---
