# serializer version: 1
# name: test_entity_state_attrs
  list([
    StateSnapshot({
      'attributes': ReadOnlyDict({
        'attribution': 'Data provided by MyBMW',
        'car': 'iX xDrive50',
        'device_class': 'opening',
        'friendly_name': 'iX xDrive50 Lids',
        'hood': 'CLOSED',
        'leftFront': 'CLOSED',
        'leftRear': 'CLOSED',
        'rightFront': 'CLOSED',
        'rightRear': 'CLOSED',
        'sunRoof': 'CLOSED',
        'trunk': 'CLOSED',
        'vin': 'WBA00000000DEMO01',
      }),
      'context': <ANY>,
      'entity_id': 'binary_sensor.ix_xdrive50_lids',
      'last_changed': <ANY>,
      'last_reported': <ANY>,
      'last_updated': <ANY>,
      'state': 'off',
    }),
    StateSnapshot({
      'attributes': ReadOnlyDict({
        'attribution': 'Data provided by MyBMW',
        'car': 'iX xDrive50',
        'device_class': 'opening',
        'friendly_name': 'iX xDrive50 Windows',
        'leftFront': 'CLOSED',
        'leftRear': 'CLOSED',
        'rear': 'CLOSED',
        'rightFront': 'CLOSED',
        'rightRear': 'CLOSED',
        'vin': 'WBA00000000DEMO01',
      }),
      'context': <ANY>,
      'entity_id': 'binary_sensor.ix_xdrive50_windows',
      'last_changed': <ANY>,
      'last_reported': <ANY>,
      'last_updated': <ANY>,
      'state': 'off',
    }),
    StateSnapshot({
      'attributes': ReadOnlyDict({
        'attribution': 'Data provided by MyBMW',
        'car': 'iX xDrive50',
        'device_class': 'lock',
        'door_lock_state': 'LOCKED',
        'friendly_name': 'iX xDrive50 Door lock state',
        'vin': 'WBA00000000DEMO01',
      }),
      'context': <ANY>,
      'entity_id': 'binary_sensor.ix_xdrive50_door_lock_state',
      'last_changed': <ANY>,
      'last_reported': <ANY>,
      'last_updated': <ANY>,
      'state': 'off',
    }),
    StateSnapshot({
      'attributes': ReadOnlyDict({
        'attribution': 'Data provided by MyBMW',
        'brake_fluid': 'OK',
        'brake_fluid_date': '2024-12-01',
        'brake_fluid_distance': '50000 km',
        'car': 'iX xDrive50',
        'device_class': 'problem',
        'friendly_name': 'iX xDrive50 Condition based services',
        'tire_wear_front': 'OK',
        'tire_wear_rear': 'OK',
        'vehicle_check': 'OK',
        'vehicle_check_date': '2024-12-01',
        'vehicle_check_distance': '50000 km',
        'vehicle_tuv': 'OK',
        'vehicle_tuv_date': '2024-12-01',
        'vehicle_tuv_distance': '50000 km',
        'vin': 'WBA00000000DEMO01',
      }),
      'context': <ANY>,
      'entity_id': 'binary_sensor.ix_xdrive50_condition_based_services',
      'last_changed': <ANY>,
      'last_reported': <ANY>,
      'last_updated': <ANY>,
      'state': 'off',
    }),
    StateSnapshot({
      'attributes': ReadOnlyDict({
        'attribution': 'Data provided by MyBMW',
        'car': 'iX xDrive50',
        'device_class': 'problem',
        'friendly_name': 'iX xDrive50 Check control messages',
        'tire_pressure': 'LOW',
        'vin': 'WBA00000000DEMO01',
      }),
      'context': <ANY>,
      'entity_id': 'binary_sensor.ix_xdrive50_check_control_messages',
      'last_changed': <ANY>,
      'last_reported': <ANY>,
      'last_updated': <ANY>,
      'state': 'off',
    }),
    StateSnapshot({
      'attributes': ReadOnlyDict({
        'attribution': 'Data provided by MyBMW',
        'device_class': 'battery_charging',
        'friendly_name': 'iX xDrive50 Charging status',
      }),
      'context': <ANY>,
      'entity_id': 'binary_sensor.ix_xdrive50_charging_status',
      'last_changed': <ANY>,
      'last_reported': <ANY>,
      'last_updated': <ANY>,
      'state': 'on',
    }),
    StateSnapshot({
      'attributes': ReadOnlyDict({
        'attribution': 'Data provided by MyBMW',
        'device_class': 'plug',
        'friendly_name': 'iX xDrive50 Connection status',
      }),
      'context': <ANY>,
      'entity_id': 'binary_sensor.ix_xdrive50_connection_status',
      'last_changed': <ANY>,
      'last_reported': <ANY>,
      'last_updated': <ANY>,
      'state': 'on',
    }),
    StateSnapshot({
      'attributes': ReadOnlyDict({
        'attribution': 'Data provided by MyBMW',
        'friendly_name': 'iX xDrive50 Pre entry climatization',
      }),
      'context': <ANY>,
      'entity_id': 'binary_sensor.ix_xdrive50_pre_entry_climatization',
      'last_changed': <ANY>,
      'last_reported': <ANY>,
      'last_updated': <ANY>,
      'state': 'off',
    }),
    StateSnapshot({
      'attributes': ReadOnlyDict({
        'attribution': 'Data provided by MyBMW',
        'car': 'i4 eDrive40',
        'device_class': 'opening',
        'friendly_name': 'i4 eDrive40 Lids',
        'hood': 'CLOSED',
        'leftFront': 'CLOSED',
        'leftRear': 'CLOSED',
        'rightFront': 'CLOSED',
        'rightRear': 'CLOSED',
        'trunk': 'CLOSED',
        'vin': 'WBA00000000DEMO02',
      }),
      'context': <ANY>,
      'entity_id': 'binary_sensor.i4_edrive40_lids',
      'last_changed': <ANY>,
      'last_reported': <ANY>,
      'last_updated': <ANY>,
      'state': 'off',
    }),
    StateSnapshot({
      'attributes': ReadOnlyDict({
        'attribution': 'Data provided by MyBMW',
        'car': 'i4 eDrive40',
        'device_class': 'opening',
        'friendly_name': 'i4 eDrive40 Windows',
        'leftFront': 'CLOSED',
        'leftRear': 'CLOSED',
        'rear': 'CLOSED',
        'rightFront': 'CLOSED',
        'rightRear': 'CLOSED',
        'vin': 'WBA00000000DEMO02',
      }),
      'context': <ANY>,
      'entity_id': 'binary_sensor.i4_edrive40_windows',
      'last_changed': <ANY>,
      'last_reported': <ANY>,
      'last_updated': <ANY>,
      'state': 'off',
    }),
    StateSnapshot({
      'attributes': ReadOnlyDict({
        'attribution': 'Data provided by MyBMW',
        'car': 'i4 eDrive40',
        'device_class': 'lock',
        'door_lock_state': 'LOCKED',
        'friendly_name': 'i4 eDrive40 Door lock state',
        'vin': 'WBA00000000DEMO02',
      }),
      'context': <ANY>,
      'entity_id': 'binary_sensor.i4_edrive40_door_lock_state',
      'last_changed': <ANY>,
      'last_reported': <ANY>,
      'last_updated': <ANY>,
      'state': 'off',
    }),
    StateSnapshot({
      'attributes': ReadOnlyDict({
        'attribution': 'Data provided by MyBMW',
        'brake_fluid': 'OK',
        'brake_fluid_date': '2024-12-01',
        'brake_fluid_distance': '50000 km',
        'car': 'i4 eDrive40',
        'device_class': 'problem',
        'friendly_name': 'i4 eDrive40 Condition based services',
        'tire_wear_front': 'OK',
        'tire_wear_rear': 'OK',
        'vehicle_check': 'OK',
        'vehicle_check_date': '2024-12-01',
        'vehicle_check_distance': '50000 km',
        'vehicle_tuv': 'OK',
        'vehicle_tuv_date': '2024-12-01',
        'vehicle_tuv_distance': '50000 km',
        'vin': 'WBA00000000DEMO02',
      }),
      'context': <ANY>,
      'entity_id': 'binary_sensor.i4_edrive40_condition_based_services',
      'last_changed': <ANY>,
      'last_reported': <ANY>,
      'last_updated': <ANY>,
      'state': 'off',
    }),
    StateSnapshot({
      'attributes': ReadOnlyDict({
        'attribution': 'Data provided by MyBMW',
        'car': 'i4 eDrive40',
        'device_class': 'problem',
        'friendly_name': 'i4 eDrive40 Check control messages',
        'tire_pressure': 'LOW',
        'vin': 'WBA00000000DEMO02',
      }),
      'context': <ANY>,
      'entity_id': 'binary_sensor.i4_edrive40_check_control_messages',
      'last_changed': <ANY>,
      'last_reported': <ANY>,
      'last_updated': <ANY>,
      'state': 'off',
    }),
    StateSnapshot({
      'attributes': ReadOnlyDict({
        'attribution': 'Data provided by MyBMW',
        'device_class': 'battery_charging',
        'friendly_name': 'i4 eDrive40 Charging status',
      }),
      'context': <ANY>,
      'entity_id': 'binary_sensor.i4_edrive40_charging_status',
      'last_changed': <ANY>,
      'last_reported': <ANY>,
      'last_updated': <ANY>,
      'state': 'off',
    }),
    StateSnapshot({
      'attributes': ReadOnlyDict({
        'attribution': 'Data provided by MyBMW',
        'device_class': 'plug',
        'friendly_name': 'i4 eDrive40 Connection status',
      }),
      'context': <ANY>,
      'entity_id': 'binary_sensor.i4_edrive40_connection_status',
      'last_changed': <ANY>,
      'last_reported': <ANY>,
      'last_updated': <ANY>,
      'state': 'off',
    }),
    StateSnapshot({
      'attributes': ReadOnlyDict({
        'attribution': 'Data provided by MyBMW',
        'friendly_name': 'i4 eDrive40 Pre entry climatization',
      }),
      'context': <ANY>,
      'entity_id': 'binary_sensor.i4_edrive40_pre_entry_climatization',
      'last_changed': <ANY>,
      'last_reported': <ANY>,
      'last_updated': <ANY>,
      'state': 'off',
    }),
    StateSnapshot({
      'attributes': ReadOnlyDict({
        'attribution': 'Data provided by MyBMW',
        'car': 'M340i xDrive',
        'device_class': 'opening',
        'friendly_name': 'M340i xDrive Lids',
        'hood': 'CLOSED',
        'leftFront': 'CLOSED',
        'leftRear': 'CLOSED',
        'rightFront': 'CLOSED',
        'rightRear': 'CLOSED',
        'trunk': 'CLOSED',
        'vin': 'WBA00000000DEMO03',
      }),
      'context': <ANY>,
      'entity_id': 'binary_sensor.m340i_xdrive_lids',
      'last_changed': <ANY>,
      'last_reported': <ANY>,
      'last_updated': <ANY>,
      'state': 'off',
    }),
    StateSnapshot({
      'attributes': ReadOnlyDict({
        'attribution': 'Data provided by MyBMW',
        'car': 'M340i xDrive',
        'device_class': 'opening',
        'friendly_name': 'M340i xDrive Windows',
        'leftFront': 'CLOSED',
        'leftRear': 'CLOSED',
        'rear': 'CLOSED',
        'rightFront': 'CLOSED',
        'rightRear': 'CLOSED',
        'vin': 'WBA00000000DEMO03',
      }),
      'context': <ANY>,
      'entity_id': 'binary_sensor.m340i_xdrive_windows',
      'last_changed': <ANY>,
      'last_reported': <ANY>,
      'last_updated': <ANY>,
      'state': 'off',
    }),
    StateSnapshot({
      'attributes': ReadOnlyDict({
        'attribution': 'Data provided by MyBMW',
        'car': 'M340i xDrive',
        'device_class': 'lock',
        'door_lock_state': 'LOCKED',
        'friendly_name': 'M340i xDrive Door lock state',
        'vin': 'WBA00000000DEMO03',
      }),
      'context': <ANY>,
      'entity_id': 'binary_sensor.m340i_xdrive_door_lock_state',
      'last_changed': <ANY>,
      'last_reported': <ANY>,
      'last_updated': <ANY>,
      'state': 'off',
    }),
    StateSnapshot({
      'attributes': ReadOnlyDict({
        'attribution': 'Data provided by MyBMW',
        'brake_fluid': 'OK',
        'brake_fluid_date': '2024-12-01',
        'brake_fluid_distance': '50000 km',
        'car': 'M340i xDrive',
        'device_class': 'problem',
        'friendly_name': 'M340i xDrive Condition based services',
        'oil': 'OK',
        'oil_date': '2024-12-01',
        'oil_distance': '50000 km',
        'tire_wear_front': 'OK',
        'tire_wear_rear': 'OK',
        'vehicle_check': 'OK',
        'vehicle_check_date': '2024-12-01',
        'vehicle_check_distance': '50000 km',
        'vehicle_tuv': 'OK',
        'vehicle_tuv_date': '2024-12-01',
        'vehicle_tuv_distance': '50000 km',
        'vin': 'WBA00000000DEMO03',
      }),
      'context': <ANY>,
      'entity_id': 'binary_sensor.m340i_xdrive_condition_based_services',
      'last_changed': <ANY>,
      'last_reported': <ANY>,
      'last_updated': <ANY>,
      'state': 'off',
    }),
    StateSnapshot({
      'attributes': ReadOnlyDict({
        'attribution': 'Data provided by MyBMW',
        'car': 'M340i xDrive',
        'device_class': 'problem',
        'engine_oil': 'LOW',
        'friendly_name': 'M340i xDrive Check control messages',
        'tire_pressure': 'LOW',
        'vin': 'WBA00000000DEMO03',
      }),
      'context': <ANY>,
      'entity_id': 'binary_sensor.m340i_xdrive_check_control_messages',
      'last_changed': <ANY>,
      'last_reported': <ANY>,
      'last_updated': <ANY>,
      'state': 'off',
    }),
    StateSnapshot({
      'attributes': ReadOnlyDict({
        'attribution': 'Data provided by MyBMW',
        'car': 'i3 (+ REX)',
        'device_class': 'opening',
        'friendly_name': 'i3 (+ REX) Lids',
        'hood': 'CLOSED',
        'leftFront': 'CLOSED',
        'leftRear': 'CLOSED',
        'rightFront': 'CLOSED',
        'rightRear': 'CLOSED',
        'sunRoof': 'CLOSED',
        'trunk': 'CLOSED',
        'vin': 'WBY00000000REXI01',
      }),
      'context': <ANY>,
      'entity_id': 'binary_sensor.i3_rex_lids',
      'last_changed': <ANY>,
      'last_reported': <ANY>,
      'last_updated': <ANY>,
      'state': 'off',
    }),
    StateSnapshot({
      'attributes': ReadOnlyDict({
        'attribution': 'Data provided by MyBMW',
        'car': 'i3 (+ REX)',
        'device_class': 'opening',
        'friendly_name': 'i3 (+ REX) Windows',
        'leftFront': 'CLOSED',
        'rightFront': 'CLOSED',
        'vin': 'WBY00000000REXI01',
      }),
      'context': <ANY>,
      'entity_id': 'binary_sensor.i3_rex_windows',
      'last_changed': <ANY>,
      'last_reported': <ANY>,
      'last_updated': <ANY>,
      'state': 'off',
    }),
    StateSnapshot({
      'attributes': ReadOnlyDict({
        'attribution': 'Data provided by MyBMW',
        'car': 'i3 (+ REX)',
        'device_class': 'lock',
        'door_lock_state': 'UNLOCKED',
        'friendly_name': 'i3 (+ REX) Door lock state',
        'vin': 'WBY00000000REXI01',
      }),
      'context': <ANY>,
      'entity_id': 'binary_sensor.i3_rex_door_lock_state',
      'last_changed': <ANY>,
      'last_reported': <ANY>,
      'last_updated': <ANY>,
      'state': 'on',
    }),
    StateSnapshot({
      'attributes': ReadOnlyDict({
        'attribution': 'Data provided by MyBMW',
        'brake_fluid': 'OK',
        'brake_fluid_date': '2022-10-01',
        'car': 'i3 (+ REX)',
        'device_class': 'problem',
        'friendly_name': 'i3 (+ REX) Condition based services',
        'vehicle_check': 'OK',
        'vehicle_check_date': '2023-05-01',
        'vehicle_tuv': 'OK',
        'vehicle_tuv_date': '2023-05-01',
        'vin': 'WBY00000000REXI01',
      }),
      'context': <ANY>,
      'entity_id': 'binary_sensor.i3_rex_condition_based_services',
      'last_changed': <ANY>,
      'last_reported': <ANY>,
      'last_updated': <ANY>,
      'state': 'off',
    }),
    StateSnapshot({
      'attributes': ReadOnlyDict({
        'attribution': 'Data provided by MyBMW',
        'car': 'i3 (+ REX)',
        'device_class': 'problem',
        'friendly_name': 'i3 (+ REX) Check control messages',
        'vin': 'WBY00000000REXI01',
      }),
      'context': <ANY>,
      'entity_id': 'binary_sensor.i3_rex_check_control_messages',
      'last_changed': <ANY>,
      'last_reported': <ANY>,
      'last_updated': <ANY>,
      'state': 'off',
    }),
    StateSnapshot({
      'attributes': ReadOnlyDict({
        'attribution': 'Data provided by MyBMW',
        'device_class': 'battery_charging',
        'friendly_name': 'i3 (+ REX) Charging status',
      }),
      'context': <ANY>,
      'entity_id': 'binary_sensor.i3_rex_charging_status',
      'last_changed': <ANY>,
      'last_reported': <ANY>,
      'last_updated': <ANY>,
      'state': 'off',
    }),
    StateSnapshot({
      'attributes': ReadOnlyDict({
        'attribution': 'Data provided by MyBMW',
        'device_class': 'plug',
        'friendly_name': 'i3 (+ REX) Connection status',
      }),
      'context': <ANY>,
      'entity_id': 'binary_sensor.i3_rex_connection_status',
      'last_changed': <ANY>,
      'last_reported': <ANY>,
      'last_updated': <ANY>,
      'state': 'on',
    }),
    StateSnapshot({
      'attributes': ReadOnlyDict({
        'attribution': 'Data provided by MyBMW',
        'friendly_name': 'i3 (+ REX) Pre entry climatization',
      }),
      'context': <ANY>,
      'entity_id': 'binary_sensor.i3_rex_pre_entry_climatization',
      'last_changed': <ANY>,
      'last_reported': <ANY>,
      'last_updated': <ANY>,
      'state': 'off',
    }),
  ])
# ---
